// Jest Snapshot v1, https://goo.gl/fbAQLP

exports[`<Main /> should render the heading 1`] = `
<main
  class="styles__Wrapper-gFJSv exiESz"
>
  <h1
    class="styles__Title-cLnMKw jvQMkl"
  >
    React Avan√ßado
  </h1>
  <h2
    class="styles__Description-emvDpe ixJVNE"
  >
    TypeScript, ReactJS, NextJS e Styled Components
  </h2>
</main>
`
